// Jest Snapshot v1, https://goo.gl/fbAQLP

exports[`<Login/> should render correctly 1`] = `
<div
  className="Login col-md-8 offset-md-2"
>
  <h1>
    Login
  </h1>
  <Form
    tag="form"
  >
    <FormGroup
      tag="div"
    >
      <Label
        for="email"
        tag="label"
        widths={
          Array [
            "xs",
            "sm",
            "md",
            "lg",
            "xl",
          ]
        }
      >
        Email :
      </Label>
      <br />
      <input
        onChange={[Function]}
        type="email"
        value=""
      />
    </FormGroup>
    <FormGroup
      tag="div"
    >
      <Label
        for="password"
        tag="label"
        widths={
          Array [
            "xs",
            "sm",
            "md",
            "lg",
            "xl",
          ]
        }
      >
        Password :
      </Label>
      <br />
      <input
        onChange={[Function]}
        type="password"
        value=""
      />
    </FormGroup>
    <Button
      color="secondary"
      disabled={true}
      onClick={[Function]}
      tag="button"
      type="submit"
    >
      Login
    </Button>
  </Form>
</div>
`;
